2026-08-25 02:30:01 OK   https://example.com/ (200)
2026-08-25 02:30:02 OK   https://example.com/about (200)
2026-08-25 02:30:03 OK   https://example.com/blog (200)
2026-08-25 02:30:04 FAIL https://status.example.com/ (405)
2026-08-26 02:30:01 OK   https://example.com/ (200)
2026-08-26 02:30:02 OK   https://example.com/about (200)
2026-08-26 02:30:03 OK   https://example.com/blog (200)
2026-08-26 02:30:04 FAIL https://status.example.com/ (405)
2026-08-27 02:30:01 OK   https://example.com/ (200)
2026-08-27 02:30:02 OK   https://example.com/about (200)
2026-08-27 02:30:03 OK   https://example.com/blog (200)
2026-08-27 02:30:04 FAIL https://status.example.com/ (405)
2026-08-28 02:30:01 OK   https://example.com/ (200)
2026-08-28 02:30:02 OK   https://example.com/about (200)
2026-08-28 02:30:03 OK   https://example.com/blog (200)
2026-08-28 02:30:04 OK   https://status.example.com/ (200)
2026-08-29 02:30:01 OK   https://example.com/ (200)
2026-08-29 02:30:02 OK   https://example.com/about (200)
2026-08-29 02:30:03 OK   https://example.com/blog (200)
2026-08-29 02:30:04 OK   https://status.example.com/ (200)
2026-08-30 02:30:01 OK   https://example.com/ (200)
2026-08-30 02:30:02 OK   https://example.com/about (200)
2026-08-30 02:30:03 OK   https://example.com/blog (200)
2026-08-30 02:30:04 OK   https://status.example.com/ (200)
